1
0
1
ASSEMBLY
2
FILM-1
FILM
SOLID-OBJECT-1
SOLID-OBJECT
2
FILM-1
14
-2147483646
0
48 1 16 5 0 1 0 -1 -1 5724 1 -1879048189 1 5724 
14
48 1 16 5 0 1 0 -1 -1 5724 1 -1879048189 1 5724 
SOLID-OBJECT-1
207
5725 1
5726 2
5727 3
5728 4
5729 5
5730 6
5731 7
5732 8
5733 9
5734 10
5735 11
5736 12
5737 13
5738 14
5739 15
5740 16
5741 17
5742 18
5743 19
5744 20
5745 21
5746 22
5747 23
5748 24
5749 25
5750 26
5751 27
5752 28
5753 29
5754 30
5755 31
5756 32
5757 33
5758 34
5759 35
5760 36
5761 37
5762 38
5763 39
5764 40
5765 41
5766 42
5767 43
5768 44
5769 45
5770 46
5771 47
5772 48
5773 49
5774 50
5775 51
5776 52
5777 53
5778 54
5779 55
5780 56
5781 57
5782 58
5783 59
5784 60
5785 61
5786 62
5787 63
5788 64
5789 65
5790 66
5791 67
5792 68
5793 69
5794 70
5795 71
5796 72
5797 73
5798 74
5799 75
5800 76
5801 77
5802 78
5803 79
5804 80
5805 81
5806 82
5807 83
5808 84
5809 85
5810 86
5811 87
5812 88
5813 89
5814 90
5815 91
5816 92
5817 93
5818 94
5819 95
5820 96
5821 97
5822 98
5823 99
5824 100
5825 101
5826 102
5827 103
5828 104
5829 105
5830 106
5831 107
5832 108
5833 109
5834 110
5835 111
5836 112
5837 113
5838 114
5839 115
5840 116
5841 117
5842 118
5843 119
5844 120
5845 121
5846 122
5847 123
5848 124
5849 125
5850 126
5851 127
5852 128
5853 129
5854 130
5855 131
5856 132
5857 133
5858 134
5859 135
5860 136
5861 137
5862 138
5863 139
5864 140
5865 141
5866 142
5867 143
5868 144
5869 145
5870 146
5871 147
5872 148
5873 149
5874 150
5875 151
5876 152
5877 153
5878 154
5879 155
5880 156
5881 157
5882 158
5883 159
5884 160
5885 161
5886 162
5887 163
5888 164
5889 165
5890 166
5891 167
5892 168
5893 169
5894 170
5895 171
5896 172
5897 173
5898 174
5899 175
5900 176
5901 177
5902 178
5903 179
5904 180
5905 181
5906 182
5907 183
5908 184
5909 185
5910 186
5911 187
5912 188
5913 189
5914 190
5915 191
5916 192
5917 193
5918 194
5919 195
5920 196
5921 197
5922 198
5923 199
5924 200
5925 201
5926 202
5927 203
5928 204
5929 205
5930 206
5931 207
-2147483647
0
2
FILM-1
14
-2147483646
0
48 1 16 5 0 1 0 -1 -1 4074 1 -1879048189 1 4074 
14
48 1 16 5 0 1 0 -1 -1 4074 1 -1879048189 1 4074 
SOLID-OBJECT-1
210
4075 1
4076 2
4077 3
4078 4
4079 5
4080 6
4081 7
4082 8
4083 9
4084 10
4085 11
4086 12
4087 13
4088 14
4089 15
4090 16
4091 17
4092 18
4093 19
4094 20
4095 21
4096 22
4097 23
4098 24
4099 25
4100 26
4101 27
4102 28
4103 29
4104 30
4105 31
4106 32
4107 33
4108 34
4109 35
4110 36
4111 37
4112 38
4113 39
4114 40
4115 41
4116 42
4117 43
4118 44
4119 45
4120 46
4121 47
4122 48
4123 49
4124 50
4125 51
4126 52
4127 53
4128 54
4129 55
4130 56
4131 57
4132 58
4133 59
4134 60
4135 61
4136 62
4137 63
4138 64
4139 65
4140 66
4141 67
4142 68
4143 69
4144 70
4145 71
4146 72
4147 73
4148 74
4149 75
4150 76
4151 77
4152 78
4153 79
4154 80
4155 81
4156 82
4157 83
4158 84
4159 85
4160 86
4161 87
4162 88
4163 89
4164 90
4165 91
4166 92
4167 93
4168 94
4169 95
4170 96
4171 97
4172 98
4173 99
4174 100
4175 101
4176 102
4177 103
4178 104
4179 105
4180 106
4181 107
4182 108
4183 109
4184 110
4185 111
4186 112
4187 113
4188 114
4189 115
4190 116
4191 117
4192 118
4193 119
4194 120
4195 121
4196 122
4197 123
4198 124
4199 125
4200 126
4201 127
4202 128
4203 129
4204 130
4205 131
4206 132
4207 133
4208 134
4209 135
4210 136
4211 137
4212 138
4213 139
4214 140
4215 141
4216 142
4217 143
4218 144
4219 145
4220 146
4221 147
4222 148
4223 149
4224 150
4225 151
4226 152
4227 153
4228 154
4229 155
4230 156
4231 157
4232 158
4233 159
4234 160
4235 161
4236 162
4237 163
4238 164
4239 165
4240 166
4241 167
4242 168
4243 169
4244 170
4245 171
4246 172
4247 173
4248 174
4249 175
4250 176
4251 177
4252 178
4253 179
4254 180
4255 181
4256 182
4257 183
4258 184
4259 185
4260 186
4261 187
4262 188
4263 189
4264 190
4265 191
4266 192
4267 193
4268 194
4269 195
4270 196
4271 197
4272 198
4273 199
4274 200
4275 201
4276 202
4277 203
4278 204
4279 205
4280 206
4281 207
4282 208
4283 209
14257 210
-2147483647
0
5

0
2
0
2
FILM-1
14
-2147483647
48 1 16 5 0 1 0 -1 -1 4074 1 -1879048189 1 4074 
SOLID-OBJECT-1
209
4075 4076 4077 4078 4079 4080 4081 4082 4083 4084 4085 4086 4087 4088 4089 4090 4091 4092 4093 4094 4095 4096 4097 4098 4099 4100 4101 4102 4103 4104 4105 4106 4107 4108 4109 4110 4111 4112 4113 4114 4115 4116 4117 4118 4119 4120 4121 4122 4123 4124 4125 4126 4127 4128 4129 4130 4131 4132 4133 4134 4135 4136 4137 4138 4139 4140 4141 4142 4143 4144 4145 4146 4147 4148 4149 4150 4151 4152 4153 4154 4155 4156 4157 4158 4159 4160 4161 4162 4163 4164 4165 4166 4167 4168 4169 4170 4171 4172 4173 4174 4175 4176 4177 4178 4179 4180 4181 4182 4183 4184 4185 4186 4187 4188 4189 4190 4191 4192 4193 4194 4195 4196 4197 4198 4199 4200 4201 4202 4203 4204 4205 4206 4207 4208 4209 4210 4211 4212 4213 4214 4215 4216 4217 4218 4219 4220 4221 4222 4223 4224 4225 4226 4227 4228 4229 4230 4231 4232 4233 4234 4235 4236 4237 4238 4239 4240 4241 4242 4243 4244 4245 4246 4247 4248 4249 4250 4251 4252 4253 4254 4255 4256 4257 4258 4259 4260 4261 4262 4263 4264 4265 4266 4267 4268 4269 4270 4271 4272 4273 4274 4275 4276 4277 4278 4279 4280 4281 4282 4283 
0
 SHADOW
0
4
0
1
SOLID-OBJECT-1
1
14257 
0
SET-1
0
1
0
1
FILM-1
14
-2147483647
48 1 16 5 0 1 0 -1 -1 458 1 -1879048189 901 458 
0
SET-2
0
1
0
1
SOLID-OBJECT-1
1
4120 
0
SET-CONTACT
0
1
0
1
FILM-1
14
-2147483647
48 1 16 5 0 1 0 -1 -1 1358 1 -1879048189 2717 1358 
0
2
FILM-1
3
 P       1
0
2
14
-2147483647
48 1 16 5 0 1 0 -1 -1 4074 1 -1879048189 1 4074 
0
0
SET-FILM
0
1
14
-2147483647
48 1 16 5 0 1 0 -1 -1 4074 1 -1879048189 1 4074 
0
0
_S_SURF-1_S2
0
2
14
-2147483647
48 1 16 5 0 1 0 -1 -1 1358 1 -1879048189 2717 1358 
0
0
0
SOLID-OBJECT-1
3
 P       2
0
2
209
4075 4076 4077 4078 4079 4080 4081 4082 4083 4084 4085 4086 4087 4088 4089 4090 4091 4092 4093 4094 4095 4096 4097 4098 4099 4100 4101 4102 4103 4104 4105 4106 4107 4108 4109 4110 4111 4112 4113 4114 4115 4116 4117 4118 4119 4120 4121 4122 4123 4124 4125 4126 4127 4128 4129 4130 4131 4132 4133 4134 4135 4136 4137 4138 4139 4140 4141 4142 4143 4144 4145 4146 4147 4148 4149 4150 4151 4152 4153 4154 4155 4156 4157 4158 4159 4160 4161 4162 4163 4164 4165 4166 4167 4168 4169 4170 4171 4172 4173 4174 4175 4176 4177 4178 4179 4180 4181 4182 4183 4184 4185 4186 4187 4188 4189 4190 4191 4192 4193 4194 4195 4196 4197 4198 4199 4200 4201 4202 4203 4204 4205 4206 4207 4208 4209 4210 4211 4212 4213 4214 4215 4216 4217 4218 4219 4220 4221 4222 4223 4224 4225 4226 4227 4228 4229 4230 4231 4232 4233 4234 4235 4236 4237 4238 4239 4240 4241 4242 4243 4244 4245 4246 4247 4248 4249 4250 4251 4252 4253 4254 4255 4256 4257 4258 4259 4260 4261 4262 4263 4264 4265 4266 4267 4268 4269 4270 4271 4272 4273 4274 4275 4276 4277 4278 4279 4280 4281 4282 4283 
0
0
SOLID-OBJECT
0
1
209
4075 4076 4077 4078 4079 4080 4081 4082 4083 4084 4085 4086 4087 4088 4089 4090 4091 4092 4093 4094 4095 4096 4097 4098 4099 4100 4101 4102 4103 4104 4105 4106 4107 4108 4109 4110 4111 4112 4113 4114 4115 4116 4117 4118 4119 4120 4121 4122 4123 4124 4125 4126 4127 4128 4129 4130 4131 4132 4133 4134 4135 4136 4137 4138 4139 4140 4141 4142 4143 4144 4145 4146 4147 4148 4149 4150 4151 4152 4153 4154 4155 4156 4157 4158 4159 4160 4161 4162 4163 4164 4165 4166 4167 4168 4169 4170 4171 4172 4173 4174 4175 4176 4177 4178 4179 4180 4181 4182 4183 4184 4185 4186 4187 4188 4189 4190 4191 4192 4193 4194 4195 4196 4197 4198 4199 4200 4201 4202 4203 4204 4205 4206 4207 4208 4209 4210 4211 4212 4213 4214 4215 4216 4217 4218 4219 4220 4221 4222 4223 4224 4225 4226 4227 4228 4229 4230 4231 4232 4233 4234 4235 4236 4237 4238 4239 4240 4241 4242 4243 4244 4245 4246 4247 4248 4249 4250 4251 4252 4253 4254 4255 4256 4257 4258 4259 4260 4261 4262 4263 4264 4265 4266 4267 4268 4269 4270 4271 4272 4273 4274 4275 4276 4277 4278 4279 4280 4281 4282 4283 
0
0
_M_SURF-1_SPOS
0
2
209
4075 4076 4077 4078 4079 4080 4081 4082 4083 4084 4085 4086 4087 4088 4089 4090 4091 4092 4093 4094 4095 4096 4097 4098 4099 4100 4101 4102 4103 4104 4105 4106 4107 4108 4109 4110 4111 4112 4113 4114 4115 4116 4117 4118 4119 4120 4121 4122 4123 4124 4125 4126 4127 4128 4129 4130 4131 4132 4133 4134 4135 4136 4137 4138 4139 4140 4141 4142 4143 4144 4145 4146 4147 4148 4149 4150 4151 4152 4153 4154 4155 4156 4157 4158 4159 4160 4161 4162 4163 4164 4165 4166 4167 4168 4169 4170 4171 4172 4173 4174 4175 4176 4177 4178 4179 4180 4181 4182 4183 4184 4185 4186 4187 4188 4189 4190 4191 4192 4193 4194 4195 4196 4197 4198 4199 4200 4201 4202 4203 4204 4205 4206 4207 4208 4209 4210 4211 4212 4213 4214 4215 4216 4217 4218 4219 4220 4221 4222 4223 4224 4225 4226 4227 4228 4229 4230 4231 4232 4233 4234 4235 4236 4237 4238 4239 4240 4241 4242 4243 4244 4245 4246 4247 4248 4249 4250 4251 4252 4253 4254 4255 4256 4257 4258 4259 4260 4261 4262 4263 4264 4265 4266 4267 4268 4269 4270 4271 4272 4273 4274 4275 4276 4277 4278 4279 4280 4281 4282 4283 
0
0
0
4

0
2
0
2
FILM-1
14
-2147483647
48 1 16 5 0 1 0 -1 -1 5724 1 -1879048189 1 5724 
SOLID-OBJECT-1
207
5725 5726 5727 5728 5729 5730 5731 5732 5733 5734 5735 5736 5737 5738 5739 5740 5741 5742 5743 5744 5745 5746 5747 5748 5749 5750 5751 5752 5753 5754 5755 5756 5757 5758 5759 5760 5761 5762 5763 5764 5765 5766 5767 5768 5769 5770 5771 5772 5773 5774 5775 5776 5777 5778 5779 5780 5781 5782 5783 5784 5785 5786 5787 5788 5789 5790 5791 5792 5793 5794 5795 5796 5797 5798 5799 5800 5801 5802 5803 5804 5805 5806 5807 5808 5809 5810 5811 5812 5813 5814 5815 5816 5817 5818 5819 5820 5821 5822 5823 5824 5825 5826 5827 5828 5829 5830 5831 5832 5833 5834 5835 5836 5837 5838 5839 5840 5841 5842 5843 5844 5845 5846 5847 5848 5849 5850 5851 5852 5853 5854 5855 5856 5857 5858 5859 5860 5861 5862 5863 5864 5865 5866 5867 5868 5869 5870 5871 5872 5873 5874 5875 5876 5877 5878 5879 5880 5881 5882 5883 5884 5885 5886 5887 5888 5889 5890 5891 5892 5893 5894 5895 5896 5897 5898 5899 5900 5901 5902 5903 5904 5905 5906 5907 5908 5909 5910 5911 5912 5913 5914 5915 5916 5917 5918 5919 5920 5921 5922 5923 5924 5925 5926 5927 5928 5929 5930 5931 
0
SET-1
0
1
0
1
FILM-1
17
-2147483647
60 1 16 8 0 1 0 -1 -1 590 2 -1879048188 -1879048186 1 264 1106 326 
0
SET-2
0
1
0
1
SOLID-OBJECT-1
4
5728 5758 5759 5760 
0
SET-CONTACT
0
1
0
1
FILM-1
14
-2147483647
48 1 16 5 0 1 0 -1 -1 1431 1 -1879048189 4294 1431 
0
2
FILM-1
2
 P       1
0
2
14
-2147483647
48 1 16 5 0 1 0 -1 -1 5724 1 -1879048189 1 5724 
0
0
SET-FILM
0
1
14
-2147483647
48 1 16 5 0 1 0 -1 -1 5724 1 -1879048189 1 5724 
0
0
0
SOLID-OBJECT-1
2
 P       2
0
2
207
5725 5726 5727 5728 5729 5730 5731 5732 5733 5734 5735 5736 5737 5738 5739 5740 5741 5742 5743 5744 5745 5746 5747 5748 5749 5750 5751 5752 5753 5754 5755 5756 5757 5758 5759 5760 5761 5762 5763 5764 5765 5766 5767 5768 5769 5770 5771 5772 5773 5774 5775 5776 5777 5778 5779 5780 5781 5782 5783 5784 5785 5786 5787 5788 5789 5790 5791 5792 5793 5794 5795 5796 5797 5798 5799 5800 5801 5802 5803 5804 5805 5806 5807 5808 5809 5810 5811 5812 5813 5814 5815 5816 5817 5818 5819 5820 5821 5822 5823 5824 5825 5826 5827 5828 5829 5830 5831 5832 5833 5834 5835 5836 5837 5838 5839 5840 5841 5842 5843 5844 5845 5846 5847 5848 5849 5850 5851 5852 5853 5854 5855 5856 5857 5858 5859 5860 5861 5862 5863 5864 5865 5866 5867 5868 5869 5870 5871 5872 5873 5874 5875 5876 5877 5878 5879 5880 5881 5882 5883 5884 5885 5886 5887 5888 5889 5890 5891 5892 5893 5894 5895 5896 5897 5898 5899 5900 5901 5902 5903 5904 5905 5906 5907 5908 5909 5910 5911 5912 5913 5914 5915 5916 5917 5918 5919 5920 5921 5922 5923 5924 5925 5926 5927 5928 5929 5930 5931 
0
0
SOLID-OBJECT-REFPT_
0
2
1
5931 
0
0
0
2
FILM-1
1
S_SURF-1
0
0
1
S2
14
-2147483647
48 1 16 5 0 1 0 -1 -1 1358 1 -1879048189 2717 1358 
SOLID-OBJECT-1
1
M_SURF-1
0
0
1
SPOS
209
4075 4076 4077 4078 4079 4080 4081 4082 4083 4084 4085 4086 4087 4088 4089 4090 4091 4092 4093 4094 4095 4096 4097 4098 4099 4100 4101 4102 4103 4104 4105 4106 4107 4108 4109 4110 4111 4112 4113 4114 4115 4116 4117 4118 4119 4120 4121 4122 4123 4124 4125 4126 4127 4128 4129 4130 4131 4132 4133 4134 4135 4136 4137 4138 4139 4140 4141 4142 4143 4144 4145 4146 4147 4148 4149 4150 4151 4152 4153 4154 4155 4156 4157 4158 4159 4160 4161 4162 4163 4164 4165 4166 4167 4168 4169 4170 4171 4172 4173 4174 4175 4176 4177 4178 4179 4180 4181 4182 4183 4184 4185 4186 4187 4188 4189 4190 4191 4192 4193 4194 4195 4196 4197 4198 4199 4200 4201 4202 4203 4204 4205 4206 4207 4208 4209 4210 4211 4212 4213 4214 4215 4216 4217 4218 4219 4220 4221 4222 4223 4224 4225 4226 4227 4228 4229 4230 4231 4232 4233 4234 4235 4236 4237 4238 4239 4240 4241 4242 4243 4244 4245 4246 4247 4248 4249 4250 4251 4252 4253 4254 4255 4256 4257 4258 4259 4260 4261 4262 4263 4264 4265 4266 4267 4268 4269 4270 4271 4272 4273 4274 4275 4276 4277 4278 4279 4280 4281 4282 4283 
0
